11:53:52 **** Auto Build of configuration Debug for project sumator_app ****
make all 
'Building file: ../src/main.c'
'Invoking: MicroBlaze gcc compiler'
mb-gcc -Wall -O0 -g3 -c -fmessage-length=0 -MT"src/main.o" -I../../sumator_app_bsp/microblaze_0/include -mlittle-endian -mcpu=v11.0 -mxl-soft-mul -Wl,--no-relax -ffunction-sections -fdata-sections -MMD -MP -MF"src/main.d" -MT"src/main.o" -o "src/main.o" "../src/main.c"
'Finished building: ../src/main.c'
' '
'Building target: sumator_app.elf'
'Invoking: MicroBlaze gcc linker'
mb-gcc -Wl,-T -Wl,../src/lscript.ld -L../../sumator_app_bsp/microblaze_0/lib -mlittle-endian -mcpu=v11.0 -mxl-soft-mul -Wl,--no-relax -Wl,--gc-sections -o "sumator_app.elf"  ./src/main.o   -Wl,--start-group,-lxil,-lgcc,-lc,--end-group
'Finished building target: sumator_app.elf'
' '
'Invoking: MicroBlaze Print Size'
mb-size sumator_app.elf  |tee "sumator_app.elf.size"
   text	   data	    bss	    dec	    hex	filename
   2588	    268	   3112	   5968	   1750	sumator_app.elf
'Finished building: sumator_app.elf.size'
' '

11:53:53 Build Finished (took 479ms)

